


ARM Macro Assembler    Page 1 


    1 00000000                 AREA             RESET, DATA, READONLY
    2 00000000                 EXPORT           __Vectors
    3 00000000         
    4 00000000         __Vectors
    5 00000000 40001000        DCD              0x40001000
    6 00000004 00000000        DCD              Reset_Handler
    7 00000008         
    8 00000008                 ALIGN
    9 00000008         
   10 00000008                 AREA             mycode, CODE, READONLY
   11 00000000                 ENTRY
   12 00000000                 EXPORT           Reset_Handler
   13 00000000         
   14 00000000         Reset_Handler
   15 00000000 480D            LDR              R0,=NUM
   16 00000002 7801            LDRB             R1,[R0]
   17 00000004         
   18 00000004         ; Get first digit using F0 mask
   19 00000004 F001 02F0       AND              R2,R1,#0xF0
   20 00000008 EA4F 1212       MOV              R2,R2,LSR #04
   21 0000000C         
   22 0000000C 2A09            CMP              R2,#09
   23 0000000E D301            BLO              FIRST
   24 00000010 F102 0207       ADD              R2,#07
   25 00000014         
   26 00000014         FIRST
   27 00000014 F102 0230       ADD              R2,#0x30
   28 00000018         
   29 00000018         ; Shift first ASCII digit
   30 00000018 EA4F 2202       MOV              R2,R2,LSL #08
   31 0000001C         
   32 0000001C         ; Get second digit using 0F mask
   33 0000001C F001 030F       AND              R3,R1,#0x0F
   34 00000020         
   35 00000020 2B09            CMP              R3,#09
   36 00000022 D301            BLO              SECOND
   37 00000024 F103 0307       ADD              R3,#07
   38 00000028         
   39 00000028         SECOND
   40 00000028 F103 0330       ADD              R3,#0x30
   41 0000002C         
   42 0000002C         ; Combine ASCII digits
   43 0000002C EA42 0203       ORR              R2,R2,R3
   44 00000030         
   45 00000030         STOP
   46 00000030 E7FE            B                STOP
   47 00000032 00 00           ALIGN
   48 00000034         
   49 00000034         NUM
   50 00000034 00000021        DCD              0x00000021
   51 00000038         
   52 00000038                 END
              00000000 
Command Line: --debug --xref --cpu=Cortex-M3 --apcs=interwork --depend=q1.d -oq
1.o -IC:\Keil\ARM\RV31\INC -IC:\Keil\ARM\CMSIS\Include -IC:\Keil\ARM\Inc\NXP\LP
C17xx --predefine="__EVAL SETA 1" --list=q1.lst q1.s



ARM Macro Assembler    Page 1 Alphabetic symbol ordering
Relocatable symbols

RESET 00000000

Symbol: RESET
   Definitions
      At line 1 in file q1.s
   Uses
      None
Comment: RESET unused
__Vectors 00000000

Symbol: __Vectors
   Definitions
      At line 4 in file q1.s
   Uses
      At line 2 in file q1.s
Comment: __Vectors used once
2 symbols



ARM Macro Assembler    Page 1 Alphabetic symbol ordering
Relocatable symbols

FIRST 00000014

Symbol: FIRST
   Definitions
      At line 26 in file q1.s
   Uses
      At line 23 in file q1.s
Comment: FIRST used once
NUM 00000034

Symbol: NUM
   Definitions
      At line 49 in file q1.s
   Uses
      At line 15 in file q1.s
Comment: NUM used once
Reset_Handler 00000000

Symbol: Reset_Handler
   Definitions
      At line 14 in file q1.s
   Uses
      At line 6 in file q1.s
      At line 12 in file q1.s

SECOND 00000028

Symbol: SECOND
   Definitions
      At line 39 in file q1.s
   Uses
      At line 36 in file q1.s
Comment: SECOND used once
STOP 00000030

Symbol: STOP
   Definitions
      At line 45 in file q1.s
   Uses
      At line 46 in file q1.s
Comment: STOP used once
mycode 00000000

Symbol: mycode
   Definitions
      At line 10 in file q1.s
   Uses
      None
Comment: mycode unused
6 symbols
341 symbols in table
