


ARM Macro Assembler    Page 1 


    1 00000000                 AREA             RESET, DATA, READONLY
    2 00000000                 EXPORT           __Vectors
    3 00000000         
    4 00000000         __Vectors
    5 00000000 40001000        DCD              0x40001000
    6 00000004 00000000        DCD              Reset_Handler
    7 00000008         
    8 00000008                 ALIGN
    9 00000008         
   10 00000008                 AREA             mycode, CODE, READONLY
   11 00000000                 ENTRY
   12 00000000                 EXPORT           Reset_Handler
   13 00000000         
   14 00000000         Reset_Handler
   15 00000000 4808            LDR              R0,=NUM
   16 00000002 4C09            LDR              R4,=RESULT
   17 00000004         
   18 00000004 7801            LDRB             R1,[R0]
   19 00000006         
   20 00000006         ; Get tens digit
   21 00000006 F001 02F0       AND              R2,R1,#0xF0
   22 0000000A EA4F 1212       MOV              R2,R2,LSR #04
   23 0000000E         
   24 0000000E         ; Multiply tens digit by 10
   25 0000000E F04F 030A       MOV              R3,#10
   26 00000012 FB02 F203       MUL              R2,R2,R3
   27 00000016         
   28 00000016         ; Get units digit
   29 00000016 F001 030F       AND              R3,R1,#0x0F
   30 0000001A         
   31 0000001A         ; Add units digit
   32 0000001A 441A            ADD              R2,R2,R3
   33 0000001C         
   34 0000001C         ; Store hexadecimal result
   35 0000001C 7022            STRB             R2,[R4]
   36 0000001E         
   37 0000001E         STOP
   38 0000001E E7FE            B                STOP
   39 00000020         
   40 00000020                 ALIGN
   41 00000020         
   42 00000020         NUM
   43 00000020 00000025        DCD              0x00000025
   44 00000024         
   45 00000024 00000000 
              00000000         AREA             mydata, DATA, READWRITE
   46 00000000         
   47 00000000         RESULT
   48 00000000 00000000        DCD              0
   49 00000004         
   50 00000004                 END
Command Line: --debug --xref --cpu=Cortex-M3 --apcs=interwork --depend=q2.d -oq
2.o -IC:\Keil\ARM\RV31\INC -IC:\Keil\ARM\CMSIS\Include -IC:\Keil\ARM\Inc\NXP\LP
C17xx --predefine="__EVAL SETA 1" --list=q2.lst q2.s



ARM Macro Assembler    Page 1 Alphabetic symbol ordering
Relocatable symbols

RESET 00000000

Symbol: RESET
   Definitions
      At line 1 in file q2.s
   Uses
      None
Comment: RESET unused
__Vectors 00000000

Symbol: __Vectors
   Definitions
      At line 4 in file q2.s
   Uses
      At line 2 in file q2.s
Comment: __Vectors used once
2 symbols



ARM Macro Assembler    Page 1 Alphabetic symbol ordering
Relocatable symbols

NUM 00000020

Symbol: NUM
   Definitions
      At line 42 in file q2.s
   Uses
      At line 15 in file q2.s
Comment: NUM used once
Reset_Handler 00000000

Symbol: Reset_Handler
   Definitions
      At line 14 in file q2.s
   Uses
      At line 6 in file q2.s
      At line 12 in file q2.s

STOP 0000001E

Symbol: STOP
   Definitions
      At line 37 in file q2.s
   Uses
      At line 38 in file q2.s
Comment: STOP used once
mycode 00000000

Symbol: mycode
   Definitions
      At line 10 in file q2.s
   Uses
      None
Comment: mycode unused
4 symbols



ARM Macro Assembler    Page 1 Alphabetic symbol ordering
Relocatable symbols

RESULT 00000000

Symbol: RESULT
   Definitions
      At line 47 in file q2.s
   Uses
      At line 16 in file q2.s
Comment: RESULT used once
mydata 00000000

Symbol: mydata
   Definitions
      At line 45 in file q2.s
   Uses
      None
Comment: mydata unused
2 symbols
341 symbols in table
