


ARM Macro Assembler    Page 1 


    1 00000000                 AREA             RESET,DATA,READONLY
    2 00000000                 EXPORT           __Vectors
    3 00000000         
    4 00000000         __Vectors
    5 00000000 10001000        DCD              0x10001000
    6 00000004 00000000        DCD              Reset_Handler
    7 00000008                 ALIGN
    8 00000008                 AREA             mycode,CODE,READONLY
    9 00000000                 ENTRY
   10 00000000                 EXPORT           Reset_Handler
   11 00000000         
   12 00000000         Reset_Handler
   13 00000000 4810            LDR              R0,=Numbers ;
   14 00000002 F04F 010A       MOV              R1,#10      ;
   15 00000006 F04F 0200       MOV              R2,#0       ;
   16 0000000A         
   17 0000000A         LOOP
   18 0000000A 6803            LDR              R3,[R0]     ;
   19 0000000C F100 0004       ADD              R0,R0,#4    ;
   20 00000010 441A            ADD              R2,R2,R3    ;
   21 00000012         
   22 00000012 1E49            SUBS             R1,R1,#1
   23 00000014 D1F9            BNE              LOOP
   24 00000016         
   25 00000016 4C0C            LDR              R4,=Result
   26 00000018 6022            STR              R2,[R4]
   27 0000001A         
   28 0000001A         STOP
   29 0000001A E7FE            B                STOP
   30 0000001C         
   31 0000001C         Numbers
   32 0000001C 00000001 
              00000002 
              00000003 
              00000004 
              00000005 
              00000006 
              00000007 
              00000008 
              00000009 
              0000000A         DCD              1,2,3,4,5,6,7,8,9,10
   33 00000044 00000000 
              00000000         AREA             data,DATA,READWRITE
   34 00000000         
   35 00000000 00000000 
                       Result  DCD              0
   36 00000004         
   37 00000004                 END
Command Line: --debug --xref --cpu=Cortex-M3 --apcs=interwork --depend=q1.d -oq
1.o -IC:\Keil\ARM\RV31\INC -IC:\Keil\ARM\CMSIS\Include -IC:\Keil\ARM\Inc\NXP\LP
C17xx --predefine="__EVAL SETA 1" --list=q1.lst q1.s



ARM Macro Assembler    Page 1 Alphabetic symbol ordering
Relocatable symbols

RESET 00000000

Symbol: RESET
   Definitions
      At line 1 in file q1.s
   Uses
      None
Comment: RESET unused
__Vectors 00000000

Symbol: __Vectors
   Definitions
      At line 4 in file q1.s
   Uses
      At line 2 in file q1.s
Comment: __Vectors used once
2 symbols



ARM Macro Assembler    Page 1 Alphabetic symbol ordering
Relocatable symbols

LOOP 0000000A

Symbol: LOOP
   Definitions
      At line 17 in file q1.s
   Uses
      At line 23 in file q1.s
Comment: LOOP used once
Numbers 0000001C

Symbol: Numbers
   Definitions
      At line 31 in file q1.s
   Uses
      At line 13 in file q1.s
Comment: Numbers used once
Reset_Handler 00000000

Symbol: Reset_Handler
   Definitions
      At line 12 in file q1.s
   Uses
      At line 6 in file q1.s
      At line 10 in file q1.s

STOP 0000001A

Symbol: STOP
   Definitions
      At line 28 in file q1.s
   Uses
      At line 29 in file q1.s
Comment: STOP used once
mycode 00000000

Symbol: mycode
   Definitions
      At line 8 in file q1.s
   Uses
      None
Comment: mycode unused
5 symbols



ARM Macro Assembler    Page 1 Alphabetic symbol ordering
Relocatable symbols

Result 00000000

Symbol: Result
   Definitions
      At line 35 in file q1.s
   Uses
      At line 25 in file q1.s
Comment: Result used once
data 00000000

Symbol: data
   Definitions
      At line 33 in file q1.s
   Uses
      None
Comment: data unused
2 symbols
342 symbols in table
