


ARM Macro Assembler    Page 1 


    1 00000000                 AREA             RESET,DATA,READONLY
    2 00000000                 EXPORT           __Vectors
    3 00000000         
    4 00000000         __Vectors
    5 00000000 10001000        DCD              0x10001000
    6 00000004 00000000        DCD              Reset_Handler
    7 00000008         
    8 00000008                 AREA             mycode,CODE,READONLY
    9 00000000                 ENTRY
   10 00000000                 EXPORT           Reset_Handler
   11 00000000         
   12 00000000         Reset_Handler
   13 00000000         
   14 00000000 4814            LDR              R0,=VALUE1
   15 00000002 4915            LDR              R1,=VALUE2
   16 00000004 4A15            LDR              R2,=RESULT
   17 00000006         
   18 00000006 F04F 0304       MOV              R3,#4       ; 
   19 0000000A         
   20 0000000A         ; First word
   21 0000000A F850 4B04       LDR              R4,[R0],#4
   22 0000000E F851 5B04       LDR              R5,[R1],#4
   23 00000012 1966            ADDS             R6,R4,R5
   24 00000014 F842 6B04       STR              R6,[R2],#4
   25 00000018 1E5B            SUBS             R3,R3,#1
   26 0000001A         
   27 0000001A         LOOP
   28 0000001A D009            BEQ              STOP        ; Done after 4 word
                                                            s
   29 0000001C         
   30 0000001C F850 4B04       LDR              R4,[R0],#4
   31 00000020 F851 5B04       LDR              R5,[R1],#4
   32 00000024         
   33 00000024 EB54 0605       ADCS             R6,R4,R5    ; Add with carry
   34 00000028 F842 6B04       STR              R6,[R2],#4
   35 0000002C         
   36 0000002C 1E5B            SUBS             R3,R3,#1
   37 0000002E D1F4            BNE              LOOP
   38 00000030         
   39 00000030         STOP
   40 00000030 E7FE            B                STOP
   41 00000032         
   42 00000032         VALUE1
   43 00000032 00 00 FFFFFFFF  DCD              0xFFFFFFFF
   44 00000038 00000000        DCD              0
   45 0000003C 00000000        DCD              0
   46 00000040 00000000        DCD              0
   47 00000044         
   48 00000044         VALUE2
   49 00000044 00000001        DCD              1
   50 00000048 00000000        DCD              0
   51 0000004C 00000000        DCD              0
   52 00000050 00000000        DCD              0
   53 00000054         
   54 00000054 00000000 
              00000000 
              00000000         AREA             data,DATA,READWRITE
   55 00000000         
   56 00000000         RESULT



ARM Macro Assembler    Page 2 


   57 00000000 00000000 
              00000000 
              00000000 
              00000000         DCD              0,0,0,0
   58 00000010         
   59 00000010                 END
Command Line: --debug --xref --cpu=Cortex-M3 --apcs=interwork --depend=q2.d -oq
2.o -IC:\Keil\ARM\RV31\INC -IC:\Keil\ARM\CMSIS\Include -IC:\Keil\ARM\Inc\NXP\LP
C17xx --predefine="__EVAL SETA 1" --list=q2.lst q2.s



ARM Macro Assembler    Page 1 Alphabetic symbol ordering
Relocatable symbols

RESET 00000000

Symbol: RESET
   Definitions
      At line 1 in file q2.s
   Uses
      None
Comment: RESET unused
__Vectors 00000000

Symbol: __Vectors
   Definitions
      At line 4 in file q2.s
   Uses
      At line 2 in file q2.s
Comment: __Vectors used once
2 symbols



ARM Macro Assembler    Page 1 Alphabetic symbol ordering
Relocatable symbols

LOOP 0000001A

Symbol: LOOP
   Definitions
      At line 27 in file q2.s
   Uses
      At line 37 in file q2.s
Comment: LOOP used once
Reset_Handler 00000000

Symbol: Reset_Handler
   Definitions
      At line 12 in file q2.s
   Uses
      At line 6 in file q2.s
      At line 10 in file q2.s

STOP 00000030

Symbol: STOP
   Definitions
      At line 39 in file q2.s
   Uses
      At line 28 in file q2.s
      At line 40 in file q2.s

VALUE1 00000032

Symbol: VALUE1
   Definitions
      At line 42 in file q2.s
   Uses
      At line 14 in file q2.s
Comment: VALUE1 used once
VALUE2 00000044

Symbol: VALUE2
   Definitions
      At line 48 in file q2.s
   Uses
      At line 15 in file q2.s
Comment: VALUE2 used once
mycode 00000000

Symbol: mycode
   Definitions
      At line 8 in file q2.s
   Uses
      None
Comment: mycode unused
6 symbols



ARM Macro Assembler    Page 1 Alphabetic symbol ordering
Relocatable symbols

RESULT 00000000

Symbol: RESULT
   Definitions
      At line 56 in file q2.s
   Uses
      At line 16 in file q2.s
Comment: RESULT used once
data 00000000

Symbol: data
   Definitions
      At line 54 in file q2.s
   Uses
      None
Comment: data unused
2 symbols
343 symbols in table
