


ARM Macro Assembler    Page 1 


    1 00000000                 AREA             RESET,DATA,READONLY
    2 00000000                 EXPORT           __Vectors
    3 00000000         
    4 00000000         __Vectors
    5 00000000 10001000        DCD              0x10001000
    6 00000004 00000000        DCD              Reset_Handler
    7 00000008                 ALIGN
    8 00000008                 AREA             mycode,CODE,READONLY
    9 00000000                 ENTRY
   10 00000000                 EXPORT           Reset_Handler
   11 00000000         
   12 00000000         Reset_Handler
   13 00000000 4812            LDR              R0,=VAL1    ;
   14 00000002 4913            LDR              R1,=VAL2    ;
   15 00000004 4A13            LDR              R2,=RESULT  ;
   16 00000006         
   17 00000006 F04F 0300       MOV              R3,#0       ;
   18 0000000A         
   19 0000000A         ;first 32 bit word
   20 0000000A 58C4            LDR              R4,[R0,R3]
   21 0000000C 58CD            LDR              R5,[R1,R3]
   22 0000000E 1B66            SUBS             R6,R4,R5
   23 00000010 50D6            STR              R6,[R2,R3]
   24 00000012 F103 0304       ADD              R3,R3,#4
   25 00000016         
   26 00000016         LOOP
   27 00000016 2B10            CMP              R3,#16      ;
   28 00000018 D007            BEQ              STOP
   29 0000001A 58C4            LDR              R4,[R0,R3]
   30 0000001C 58CD            LDR              R5,[R1,R3]
   31 0000001E EB74 0605       SBCS             R6,R4,R5
   32 00000022 50D6            STR              R6,[R2,R3]
   33 00000024 F103 0304       ADD              R3,R3,#4
   34 00000028 E7F5            B                LOOP
   35 0000002A         
   36 0000002A         STOP
   37 0000002A E7FE            B                STOP
   38 0000002C         
   39 0000002C         VAL1
   40 0000002C 00000014        DCD              20
   41 00000030 0000000A        DCD              10
   42 00000034 00000005        DCD              5
   43 00000038 00000002        DCD              2
   44 0000003C         
   45 0000003C         VAL2
   46 0000003C 00000005        DCD              5
   47 00000040 00000002        DCD              2
   48 00000044 00000001        DCD              1
   49 00000048 00000001        DCD              1
   50 0000004C         
   51 0000004C 00000000 
              00000000 
              00000000         AREA             data,DATA,READWRITE
   52 00000000         
   53 00000000         RESULT
   54 00000000 00000000 
              00000000 
              00000000 
              00000000         DCD              0,0,0,0



ARM Macro Assembler    Page 2 


   55 00000010         
   56 00000010                 END
Command Line: --debug --xref --cpu=Cortex-M3 --apcs=interwork --depend=q3.d -oq
3.o -IC:\Keil\ARM\RV31\INC -IC:\Keil\ARM\CMSIS\Include -IC:\Keil\ARM\Inc\NXP\LP
C17xx --predefine="__EVAL SETA 1" --list=q3.lst q3.s



ARM Macro Assembler    Page 1 Alphabetic symbol ordering
Relocatable symbols

RESET 00000000

Symbol: RESET
   Definitions
      At line 1 in file q3.s
   Uses
      None
Comment: RESET unused
__Vectors 00000000

Symbol: __Vectors
   Definitions
      At line 4 in file q3.s
   Uses
      At line 2 in file q3.s
Comment: __Vectors used once
2 symbols



ARM Macro Assembler    Page 1 Alphabetic symbol ordering
Relocatable symbols

LOOP 00000016

Symbol: LOOP
   Definitions
      At line 26 in file q3.s
   Uses
      At line 34 in file q3.s
Comment: LOOP used once
Reset_Handler 00000000

Symbol: Reset_Handler
   Definitions
      At line 12 in file q3.s
   Uses
      At line 6 in file q3.s
      At line 10 in file q3.s

STOP 0000002A

Symbol: STOP
   Definitions
      At line 36 in file q3.s
   Uses
      At line 28 in file q3.s
      At line 37 in file q3.s

VAL1 0000002C

Symbol: VAL1
   Definitions
      At line 39 in file q3.s
   Uses
      At line 13 in file q3.s
Comment: VAL1 used once
VAL2 0000003C

Symbol: VAL2
   Definitions
      At line 45 in file q3.s
   Uses
      At line 14 in file q3.s
Comment: VAL2 used once
mycode 00000000

Symbol: mycode
   Definitions
      At line 8 in file q3.s
   Uses
      None
Comment: mycode unused
6 symbols



ARM Macro Assembler    Page 1 Alphabetic symbol ordering
Relocatable symbols

RESULT 00000000

Symbol: RESULT
   Definitions
      At line 53 in file q3.s
   Uses
      At line 15 in file q3.s
Comment: RESULT used once
data 00000000

Symbol: data
   Definitions
      At line 51 in file q3.s
   Uses
      None
Comment: data unused
2 symbols
343 symbols in table
